******************************************************************************
                  TI ARM Linker PC v20.2.7                     
******************************************************************************
>> Linked Thu Nov  9 16:32:01 2023

OUTPUT FILE NAME:   <ECGR_3101_LAB01.out>
ENTRY POINT SYMBOL: "_c_int00_noinit_noargs"  address: 00000625


MEMORY CONFIGURATION

         name            origin    length      used     unused   attr    fill
----------------------  --------  ---------  --------  --------  ----  --------
  FLASH                 00000000   00040000  00000714  0003f8ec  R  X
  SRAM                  20000000   00008000  00000200  00007e00  RW X


SEGMENT ALLOCATION MAP

run origin  load origin   length   init length attrs members
----------  ----------- ---------- ----------- ----- -------
00000000    00000000    00000714   00000714    r-x
  00000000    00000000    0000026c   0000026c    r-- .intvecs
  0000026c    0000026c    000004a8   000004a8    r-x .text
20000000    20000000    00000200   00000000    rw-
  20000000    20000000    00000200   00000000    rw- .stack


SECTION ALLOCATION MAP

 output                                  attributes/
section   page    origin      length       input sections
--------  ----  ----------  ----------   ----------------
.intvecs   0    00000000    0000026c     
                  00000000    0000026c     startup_ccs.obj (.intvecs)

.text      0    0000026c    000004a8     
                  0000026c    00000132     driverlib.lib : gpio.obj (.text:GPIOPadConfigSet)
                  0000039e    00000002     startup_ccs.obj (.text:FaultISR)
                  000003a0    000000f4     driverlib.lib : sysctl.obj (.text:SysCtlClockSet)
                  00000494    0000008c     L1_code.obj (.text:main)
                  00000520    00000038     driverlib.lib : sysctl.obj (.text:SysCtlPeripheralReady)
                  00000558    00000034     L1_code.obj (.text:GPIOPortEInit)
                  0000058c    00000034     L1_code.obj (.text:GPIOPortFInit)
                  000005c0    00000034     driverlib.lib : sysctl.obj (.text:SysCtlPeripheralEnable)
                  000005f4    00000030     L1_code.obj (.text:SysTickDelay)
                  00000624    0000002c     rtsv7M4_T_le_v4SPD16_eabi.lib : boot_cortex_m.c.obj (.text:_c_int00_noinit_noargs:_c_int00_noinit_noargs)
                  00000650    0000002a     driverlib.lib : gpio.obj (.text:GPIODirModeSet)
                  0000067a    00000002     startup_ccs.obj (.text:IntDefaultHandler)
                  0000067c    00000024     L1_code.obj (.text:RGBInit)
                  000006a0    00000018     driverlib.lib : gpio.obj (.text:GPIOPinTypeGPIOOutput)
                  000006b8    00000014                   : systick.obj (.text:SysTickDisable)
                  000006cc    00000014                   : systick.obj (.text:SysTickEnable)
                  000006e0    00000012                   : gpio.obj (.text:GPIOPinTypeGPIOInput)
                  000006f2    00000006                   : gpio.obj (.text:GPIOPinRead)
                  000006f8    00000006                   : gpio.obj (.text:GPIOPinWrite)
                  000006fe    00000006     startup_ccs.obj (.text:ResetISR)
                  00000704    00000006     driverlib.lib : sysctl.obj (.text:SysCtlDelay)
                  0000070a    00000004     rtsv7M4_T_le_v4SPD16_eabi.lib : pre_init.c.obj (.text:_system_pre_init)
                  0000070e    00000004                                   : exit.c.obj (.text:abort:abort)
                  00000712    00000002     startup_ccs.obj (.text:NmiSR)

.cinit     0    00000000    00000000     UNINITIALIZED

.init_array 
*          0    00000000    00000000     UNINITIALIZED

.stack     0    20000000    00000200     UNINITIALIZED
                  20000000    00000004     rtsv7M4_T_le_v4SPD16_eabi.lib : boot_cortex_m.c.obj (.stack)
                  20000004    000001fc     --HOLE--

__llvm_prf_cnts 
*          0    20000000    00000000     UNINITIALIZED

MODULE SUMMARY

       Module                code   ro data   rw data
       ------                ----   -------   -------
    .\
       startup_ccs.obj       12     620       0      
       L1_code.obj           328    0         0      
    +--+---------------------+------+---------+---------+
       Total:                340    620       0      
                                                     
    C:/ti/tivaware_c_series_2_1_4_178/driverlib/ccs/Debug/driverlib.lib
       gpio.obj              402    0         0      
       sysctl.obj            358    0         0      
       systick.obj           40     0         0      
    +--+---------------------+------+---------+---------+
       Total:                800    0         0      
                                                     
    C:\ti\ccs1240\ccs\tools\compiler\ti-cgt-arm_20.2.7.LTS\lib\rtsv7M4_T_le_v4SPD16_eabi.lib
       boot_cortex_m.c.obj   44     0         0      
       exit.c.obj            4      0         0      
       pre_init.c.obj        4      0         0      
    +--+---------------------+------+---------+---------+
       Total:                52     0         0      
                                                     
       Stack:                0      0         512    
    +--+---------------------+------+---------+---------+
       Grand Total:          1192   620       512    


GLOBAL SYMBOLS: SORTED ALPHABETICALLY BY Name 

address   name                   
-------   ----                   
0000070f  C$$EXIT                
00000651  GPIODirModeSet         
0000026d  GPIOPadConfigSet       
000006f3  GPIOPinRead            
000006e1  GPIOPinTypeGPIOInput   
000006a1  GPIOPinTypeGPIOOutput  
000006f9  GPIOPinWrite           
00000559  GPIOPortEInit          
0000058d  GPIOPortFInit          
0000067d  RGBInit                
000006ff  ResetISR               
000003a1  SysCtlClockSet         
00000705  SysCtlDelay            
000005c1  SysCtlPeripheralEnable 
00000521  SysCtlPeripheralReady  
000005f5  SysTickDelay           
000006b9  SysTickDisable         
000006cd  SysTickEnable          
20000200  __STACK_END            
00000200  __STACK_SIZE           
20000200  __STACK_TOP            
ffffffff  __TI_pprof_out_hndl    
ffffffff  __TI_prof_data_size    
ffffffff  __TI_prof_data_start   
00000000  __TI_static_base__     
ffffffff  __binit__              
ffffffff  __c_args__             
UNDEFED   __mpu_init             
20000000  __stack                
20000000  __start___llvm_prf_cnts
20000000  __stop___llvm_prf_cnts 
00000625  _c_int00_noinit_noargs 
0000070b  _system_pre_init       
0000070f  abort                  
ffffffff  binit                  
00000000  g_pfnVectors           
00000495  main                   


GLOBAL SYMBOLS: SORTED BY Symbol Address 

address   name                   
-------   ----                   
00000000  __TI_static_base__     
00000000  g_pfnVectors           
00000200  __STACK_SIZE           
0000026d  GPIOPadConfigSet       
000003a1  SysCtlClockSet         
00000495  main                   
00000521  SysCtlPeripheralReady  
00000559  GPIOPortEInit          
0000058d  GPIOPortFInit          
000005c1  SysCtlPeripheralEnable 
000005f5  SysTickDelay           
00000625  _c_int00_noinit_noargs 
00000651  GPIODirModeSet         
0000067d  RGBInit                
000006a1  GPIOPinTypeGPIOOutput  
000006b9  SysTickDisable         
000006cd  SysTickEnable          
000006e1  GPIOPinTypeGPIOInput   
000006f3  GPIOPinRead            
000006f9  GPIOPinWrite           
000006ff  ResetISR               
00000705  SysCtlDelay            
0000070b  _system_pre_init       
0000070f  C$$EXIT                
0000070f  abort                  
20000000  __stack                
20000000  __start___llvm_prf_cnts
20000000  __stop___llvm_prf_cnts 
20000200  __STACK_END            
20000200  __STACK_TOP            
ffffffff  __TI_pprof_out_hndl    
ffffffff  __TI_prof_data_size    
ffffffff  __TI_prof_data_start   
ffffffff  __binit__              
ffffffff  __c_args__             
ffffffff  binit                  
UNDEFED   __mpu_init             

[37 symbols]
