******************************************************************************
                  TI ARM Linker PC v20.2.7                     
******************************************************************************
>> Linked Mon Sep 25 16:47:10 2023

OUTPUT FILE NAME:   <blinky.out>
ENTRY POINT SYMBOL: "_c_int00_noargs"  address: 00000601


MEMORY CONFIGURATION

         name            origin    length      used     unused   attr    fill
----------------------  --------  ---------  --------  --------  ----  --------
  FLASH                 00000000   00040000  000006d2  0003f92e  R  X
  SRAM                  20000000   00008000  00000204  00007dfc  RW X


SEGMENT ALLOCATION MAP

run origin  load origin   length   init length attrs members
----------  ----------- ---------- ----------- ----- -------
00000000    00000000    000006d8   000006d8    r-x
  00000000    00000000    0000026c   0000026c    r-- .intvecs
  0000026c    0000026c    0000044e   0000044e    r-x .text
  000006c0    000006c0    00000018   00000018    r-- .cinit
20000000    20000000    00000204   00000000    rw-
  20000000    20000000    00000200   00000000    rw- .stack
  20000200    20000200    00000004   00000000    rw- .data


SECTION ALLOCATION MAP

 output                                  attributes/
section   page    origin      length       input sections
--------  ----  ----------  ----------   ----------------
.intvecs   0    00000000    0000026c     
                  00000000    0000026c     startup_ccs.obj (.intvecs)

.text      0    0000026c    0000044e     
                  0000026c    00000132     driverlib.lib : gpio.obj (.text:GPIOPadConfigSet)
                  0000039e    00000002     startup_ccs.obj (.text:FaultISR)
                  000003a0    000000ac     blinky.obj (.text:main)
                  0000044c    0000009c     rtsv7M4_T_le_v4SPD16_eabi.lib : memcpy_t2.asm.obj (.text)
                  000004e8    00000068                                   : copy_decompress_lzss.c.obj (.text:decompress:lzss:__TI_decompress_lzss)
                  00000550    00000044                                   : autoinit.c.obj (.text:__TI_auto_init_nobinit_nopinit:__TI_auto_init_nobinit_nopinit)
                  00000594    00000038     driverlib.lib : sysctl.obj (.text:SysCtlPeripheralReady)
                  000005cc    00000034                   : sysctl.obj (.text:SysCtlPeripheralEnable)
                  00000600    00000034     rtsv7M4_T_le_v4SPD16_eabi.lib : boot_cortex_m.c.obj (.text:_c_int00_noargs:_c_int00_noargs)
                  00000634    0000002a     driverlib.lib : gpio.obj (.text:GPIODirModeSet)
                  0000065e    00000018                   : gpio.obj (.text:GPIOPinTypeGPIOOutput)
                  00000676    00000012                   : gpio.obj (.text:GPIOPinTypeGPIOInput)
                  00000688    0000000e     rtsv7M4_T_le_v4SPD16_eabi.lib : copy_decompress_none.c.obj (.text:decompress:none:__TI_decompress_none)
                  00000696    00000006     driverlib.lib : gpio.obj (.text:GPIOPinRead)
                  0000069c    00000006                   : gpio.obj (.text:GPIOPinWrite)
                  000006a2    00000006     startup_ccs.obj (.text:ResetISR)
                  000006a8    00000006     driverlib.lib : sysctl.obj (.text:SysCtlDelay)
                  000006ae    00000004     rtsv7M4_T_le_v4SPD16_eabi.lib : pre_init.c.obj (.text:_system_pre_init)
                  000006b2    00000004                                   : exit.c.obj (.text:abort:abort)
                  000006b6    00000002     startup_ccs.obj (.text:IntDefaultHandler)
                  000006b8    00000002     startup_ccs.obj (.text:NmiSR)

.cinit     0    000006c0    00000018     
                  000006c0    00000008     (.cinit..data.load) [load image, compression = lzss]
                  000006c8    00000008     (__TI_handler_table)
                  000006d0    00000008     (__TI_cinit_table)

.init_array 
*          0    00000000    00000000     UNINITIALIZED

.data      0    20000200    00000004     UNINITIALIZED
                  20000200    00000004     blinky.obj (.data)

.stack     0    20000000    00000200     UNINITIALIZED
                  20000000    00000004     rtsv7M4_T_le_v4SPD16_eabi.lib : boot_cortex_m.c.obj (.stack)
                  20000004    000001fc     --HOLE--

__llvm_prf_cnts 
*          0    20000000    00000000     UNINITIALIZED

MODULE SUMMARY

       Module                       code   ro data   rw data
       ------                       ----   -------   -------
    .\
       startup_ccs.obj              12     620       0      
       blinky.obj                   172    0         4      
    +--+----------------------------+------+---------+---------+
       Total:                       184    620       4      
                                                            
    C:/ti/tivaware_c_series_2_1_4_178/driverlib/ccs/Debug/driverlib.lib
       gpio.obj                     402    0         0      
       sysctl.obj                   114    0         0      
    +--+----------------------------+------+---------+---------+
       Total:                       516    0         0      
                                                            
    C:\ti\ccs1240\ccs\tools\compiler\ti-cgt-arm_20.2.7.LTS\lib\rtsv7M4_T_le_v4SPD16_eabi.lib
       memcpy_t2.asm.obj            156    0         0      
       copy_decompress_lzss.c.obj   104    0         0      
       autoinit.c.obj               68     0         0      
       boot_cortex_m.c.obj          52     0         0      
       copy_decompress_none.c.obj   14     0         0      
       exit.c.obj                   4      0         0      
       pre_init.c.obj               4      0         0      
    +--+----------------------------+------+---------+---------+
       Total:                       402    0         0      
                                                            
       Stack:                       0      0         512    
       Linker Generated:            0      24        0      
    +--+----------------------------+------+---------+---------+
       Grand Total:                 1102   644       516    


LINKER GENERATED COPY TABLES

__TI_cinit_table @ 000006d0 records: 1, size/record: 8, table size: 8
	.data: load addr=000006c0, load size=00000008 bytes, run addr=20000200, run size=00000004 bytes, compression=lzss


LINKER GENERATED HANDLER TABLE

__TI_handler_table @ 000006c8 records: 2, size/record: 4, table size: 8
	index: 0, handler: __TI_decompress_lzss
	index: 1, handler: __TI_decompress_none


GLOBAL SYMBOLS: SORTED ALPHABETICALLY BY Name 

address   name                          
-------   ----                          
000006b3  C$$EXIT                       
00000635  GPIODirModeSet                
0000026d  GPIOPadConfigSet              
00000697  GPIOPinRead                   
00000677  GPIOPinTypeGPIOInput          
0000065f  GPIOPinTypeGPIOOutput         
0000069d  GPIOPinWrite                  
000006a3  ResetISR                      
000006a9  SysCtlDelay                   
000005cd  SysCtlPeripheralEnable        
00000595  SysCtlPeripheralReady         
20000200  __STACK_END                   
00000200  __STACK_SIZE                  
20000200  __STACK_TOP                   
000006d0  __TI_CINIT_Base               
000006d8  __TI_CINIT_Limit              
000006c8  __TI_Handler_Table_Base       
000006d0  __TI_Handler_Table_Limit      
00000551  __TI_auto_init_nobinit_nopinit
000004e9  __TI_decompress_lzss          
00000689  __TI_decompress_none          
ffffffff  __TI_pprof_out_hndl           
ffffffff  __TI_prof_data_size           
ffffffff  __TI_prof_data_start          
00000000  __TI_static_base__            
0000044d  __aeabi_memcpy                
0000044d  __aeabi_memcpy4               
0000044d  __aeabi_memcpy8               
ffffffff  __binit__                     
ffffffff  __c_args__                    
UNDEFED   __mpu_init                    
20000000  __stack                       
20000000  __start___llvm_prf_cnts       
20000000  __stop___llvm_prf_cnts        
00000601  _c_int00_noargs               
UNDEFED   _system_post_cinit            
000006af  _system_pre_init              
000006b3  abort                         
ffffffff  binit                         
20000200  clkFreq                       
00000000  g_pfnVectors                  
000003a1  main                          
0000044d  memcpy                        


GLOBAL SYMBOLS: SORTED BY Symbol Address 

address   name                          
-------   ----                          
00000000  __TI_static_base__            
00000000  g_pfnVectors                  
00000200  __STACK_SIZE                  
0000026d  GPIOPadConfigSet              
000003a1  main                          
0000044d  __aeabi_memcpy                
0000044d  __aeabi_memcpy4               
0000044d  __aeabi_memcpy8               
0000044d  memcpy                        
000004e9  __TI_decompress_lzss          
00000551  __TI_auto_init_nobinit_nopinit
00000595  SysCtlPeripheralReady         
000005cd  SysCtlPeripheralEnable        
00000601  _c_int00_noargs               
00000635  GPIODirModeSet                
0000065f  GPIOPinTypeGPIOOutput         
00000677  GPIOPinTypeGPIOInput          
00000689  __TI_decompress_none          
00000697  GPIOPinRead                   
0000069d  GPIOPinWrite                  
000006a3  ResetISR                      
000006a9  SysCtlDelay                   
000006af  _system_pre_init              
000006b3  C$$EXIT                       
000006b3  abort                         
000006c8  __TI_Handler_Table_Base       
000006d0  __TI_CINIT_Base               
000006d0  __TI_Handler_Table_Limit      
000006d8  __TI_CINIT_Limit              
20000000  __stack                       
20000000  __start___llvm_prf_cnts       
20000000  __stop___llvm_prf_cnts        
20000200  __STACK_END                   
20000200  __STACK_TOP                   
20000200  clkFreq                       
ffffffff  __TI_pprof_out_hndl           
ffffffff  __TI_prof_data_size           
ffffffff  __TI_prof_data_start          
ffffffff  __binit__                     
ffffffff  __c_args__                    
ffffffff  binit                         
UNDEFED   __mpu_init                    
UNDEFED   _system_post_cinit            

[43 symbols]
