******************************************************************************
                  TI ARM Linker PC v20.2.7                     
******************************************************************************
>> Linked Tue Dec 12 13:18:52 2023

OUTPUT FILE NAME:   <L2.out>
ENTRY POINT SYMBOL: "_c_int00_noinit_noargs"  address: 00000619


MEMORY CONFIGURATION

         name            origin    length      used     unused   attr    fill
----------------------  --------  ---------  --------  --------  ----  --------
  FLASH                 00000000   00040000  00000808  0003f7f8  R  X
  SRAM                  20000000   00008000  00000200  00007e00  RW X


SEGMENT ALLOCATION MAP

run origin  load origin   length   init length attrs members
----------  ----------- ---------- ----------- ----- -------
00000000    00000000    00000808   00000808    r-x
  00000000    00000000    0000026c   0000026c    r-- .intvecs
  0000026c    0000026c    000004a0   000004a0    r-x .text
  0000070c    0000070c    000000fc   000000fc    r-- .const
20000000    20000000    00000200   00000000    rw-
  20000000    20000000    00000200   00000000    rw- .stack


SECTION ALLOCATION MAP

 output                                  attributes/
section   page    origin      length       input sections
--------  ----  ----------  ----------   ----------------
.intvecs   0    00000000    0000026c     
                  00000000    0000026c     startup_ccs.obj (.intvecs)

.text      0    0000026c    000004a0     
                  0000026c    00000132     driverlib.lib : gpio.obj (.text:GPIOPadConfigSet)
                  0000039e    00000002     startup_ccs.obj (.text:FaultISR)
                  000003a0    00000110     driverlib.lib : sysctl.obj (.text:SysCtlClockGet)
                  000004b0    00000058     L2_main.obj (.text:UARTConFig)
                  00000508    0000004c     L2_main.obj (.text:main)
                  00000554    00000048     driverlib.lib : gpio.obj (.text:GPIOPinConfigure)
                  0000059c    00000046                   : uart.obj (.text:UARTConfigSetExpClk)
                  000005e2    00000002     startup_ccs.obj (.text:IntDefaultHandler)
                  000005e4    00000034     driverlib.lib : sysctl.obj (.text:SysCtlPeripheralEnable)
                  00000618    0000002c     rtsv7M4_T_le_v4SPD16_eabi.lib : boot_cortex_m.c.obj (.text:_c_int00_noinit_noargs:_c_int00_noinit_noargs)
                  00000644    0000002a     driverlib.lib : gpio.obj (.text:GPIODirModeSet)
                  0000066e    00000002     startup_ccs.obj (.text:NmiSR)
                  00000670    00000020     driverlib.lib : uart.obj (.text:UARTDisable)
                  00000690    0000001c     L2_main.obj (.text:print)
                  000006ac    00000014     driverlib.lib : uart.obj (.text:UARTEnable)
                  000006c0    00000012                   : gpio.obj (.text:GPIOPinTypeUART)
                  000006d2    00000002     --HOLE-- [fill = 0]
                  000006d4    00000010                   : fpu.obj (.text:FPUEnable)
                  000006e4    00000010                   : fpu.obj (.text:FPULazyStackingEnable)
                  000006f4    0000000a                   : uart.obj (.text:UARTCharPut)
                  000006fe    00000006     startup_ccs.obj (.text:ResetISR)
                  00000704    00000004     rtsv7M4_T_le_v4SPD16_eabi.lib : pre_init.c.obj (.text:_system_pre_init)
                  00000708    00000004                                   : exit.c.obj (.text:abort:abort)

.const     0    0000070c    000000fc     
                  0000070c    00000090     driverlib.lib : gpio.obj (.const:g_pui32GPIOBaseAddrs)
                  0000079c    0000006c                   : sysctl.obj (.const:g_pui32Xtals)

.cinit     0    00000000    00000000     UNINITIALIZED

.init_array 
*          0    00000000    00000000     UNINITIALIZED

.stack     0    20000000    00000200     UNINITIALIZED
                  20000000    00000004     rtsv7M4_T_le_v4SPD16_eabi.lib : boot_cortex_m.c.obj (.stack)
                  20000004    000001fc     --HOLE--

__llvm_prf_cnts 
*          0    20000000    00000000     UNINITIALIZED

MODULE SUMMARY

       Module                code   ro data   rw data
       ------                ----   -------   -------
    .\
       startup_ccs.obj       12     620       0      
       L2_main.obj           192    0         0      
    +--+---------------------+------+---------+---------+
       Total:                204    620       0      
                                                     
    C:/ti/tivaware_c_series_2_1_4_178/driverlib/ccs/Debug/driverlib.lib
       gpio.obj              438    144       0      
       sysctl.obj            324    108       0      
       uart.obj              132    0         0      
       fpu.obj               32     0         0      
    +--+---------------------+------+---------+---------+
       Total:                926    252       0      
                                                     
    C:\ti\ccs1240\ccs\tools\compiler\ti-cgt-arm_20.2.7.LTS\lib\rtsv7M4_T_le_v4SPD16_eabi.lib
       boot_cortex_m.c.obj   44     0         0      
       exit.c.obj            4      0         0      
       pre_init.c.obj        4      0         0      
    +--+---------------------+------+---------+---------+
       Total:                52     0         0      
                                                     
       Stack:                0      0         512    
    +--+---------------------+------+---------+---------+
       Grand Total:          1182   872       512    


GLOBAL SYMBOLS: SORTED ALPHABETICALLY BY Name 

address   name                   
-------   ----                   
00000709  C$$EXIT                
000006d5  FPUEnable              
000006e5  FPULazyStackingEnable  
00000645  GPIODirModeSet         
0000026d  GPIOPadConfigSet       
00000555  GPIOPinConfigure       
000006c1  GPIOPinTypeUART        
000006ff  ResetISR               
000003a1  SysCtlClockGet         
000005e5  SysCtlPeripheralEnable 
000006f5  UARTCharPut            
000004b1  UARTConFig             
0000059d  UARTConfigSetExpClk    
00000671  UARTDisable            
000006ad  UARTEnable             
20000200  __STACK_END            
00000200  __STACK_SIZE           
20000200  __STACK_TOP            
ffffffff  __TI_pprof_out_hndl    
ffffffff  __TI_prof_data_size    
ffffffff  __TI_prof_data_start   
00000000  __TI_static_base__     
ffffffff  __binit__              
ffffffff  __c_args__             
UNDEFED   __mpu_init             
20000000  __stack                
20000000  __start___llvm_prf_cnts
20000000  __stop___llvm_prf_cnts 
00000619  _c_int00_noinit_noargs 
00000705  _system_pre_init       
00000709  abort                  
ffffffff  binit                  
00000000  g_pfnVectors           
00000509  main                   
00000691  print                  


GLOBAL SYMBOLS: SORTED BY Symbol Address 

address   name                   
-------   ----                   
00000000  __TI_static_base__     
00000000  g_pfnVectors           
00000200  __STACK_SIZE           
0000026d  GPIOPadConfigSet       
000003a1  SysCtlClockGet         
000004b1  UARTConFig             
00000509  main                   
00000555  GPIOPinConfigure       
0000059d  UARTConfigSetExpClk    
000005e5  SysCtlPeripheralEnable 
00000619  _c_int00_noinit_noargs 
00000645  GPIODirModeSet         
00000671  UARTDisable            
00000691  print                  
000006ad  UARTEnable             
000006c1  GPIOPinTypeUART        
000006d5  FPUEnable              
000006e5  FPULazyStackingEnable  
000006f5  UARTCharPut            
000006ff  ResetISR               
00000705  _system_pre_init       
00000709  C$$EXIT                
00000709  abort                  
20000000  __stack                
20000000  __start___llvm_prf_cnts
20000000  __stop___llvm_prf_cnts 
20000200  __STACK_END            
20000200  __STACK_TOP            
ffffffff  __TI_pprof_out_hndl    
ffffffff  __TI_prof_data_size    
ffffffff  __TI_prof_data_start   
ffffffff  __binit__              
ffffffff  __c_args__             
ffffffff  binit                  
UNDEFED   __mpu_init             

[35 symbols]
